
services:
    service_container:
        class: Symphony\Component\DependencyInjection\ContainerInterface
        public: true
        synthetic: true
    App\BarService:
        class: App\BarService
        public: true
        arguments: [!service { class: FooClass }]
    Symphony\Component\DependencyInjection\Tests\Fixtures\Prototype\Foo:
        class: Symphony\Component\DependencyInjection\Tests\Fixtures\Prototype\Foo
        public: true
        tags:
            - { name: t, a: b }
        autowire: true
        autoconfigure: true
        arguments: ['@bar']
    bar:
        class: Symphony\Component\DependencyInjection\Tests\Fixtures\Prototype\Foo
        public: false
        tags:
            - { name: t, a: b }
        autowire: true
        calls:
            - [setFoo, ['@bar']]

