parameters:
    foo: Foo
    bar: Bar

services:
    service_container:
        class: Symphony\Component\DependencyInjection\ContainerInterface
        public: true
        synthetic: true
    Symphony\Component\DependencyInjection\Tests\Fixtures\Prototype\Foo:
        class: Symphony\Component\DependencyInjection\Tests\Fixtures\Prototype\Foo
        public: true
        arguments: ['@bar']
    bar:
        class: Symphony\Component\DependencyInjection\Tests\Fixtures\Prototype\Foo
        public: true
        calls:
            - [setFoo, {  }]

